// Jest Snapshot v1, https://goo.gl/fbAQLP

exports[`AudioPlayer Component Test Presenter Renders 1`] = `
<div
  className="AudioPlayer__player___55AvF"
>
  <h3>
    Now playing: Test Audio
  </h3>
  <audio />
  <button
    disabled={true}
    id="play-pause-loading-button"
  >
    Loading ...
  </button>
  <button
    id="mute-button"
    onClick={undefined}
  >
    Mute
  </button>
  <h3>
    Time Control
  </h3>
  <div />
  <div>
    0:00
  </div>
  <div>
    <input
      max={undefined}
      min={0}
      onInput={[Function]}
      onMouseUp={[Function]}
      type="range"
      value={0}
    />
  </div>
  <h3>
    Volume Control
  </h3>
  <input
    max={1}
    min={0}
    onChange={[Function]}
    onInput={[Function]}
    step={0.01}
    type="range"
    value={1}
  />
</div>
`;
