// Jest Snapshot v1, https://goo.gl/fbAQLP

exports[`Duration Time Display Component Presenter Displays duration When Prop is Passed 1`] = `
<span
  className="AudioPlayer__duration___2Ss-f"
>
  0:00
</span>
`;

exports[`Duration Time Display Component Presenter Works Without duration Prop and Displays 0:00 1`] = `
<span
  className="AudioPlayer__duration___2Ss-f"
>
  0:00
</span>
`;
