// Jest Snapshot v1, https://goo.gl/fbAQLP

exports[`Play/Pause Button Component Presenter Displays a Loading Button When It Can Not Play 1`] = `
<button
  className="AudioPlayer__playPauseBtn___1BAhn"
  disabled={true}
  id="play-pause-loading-button"
>
  Loading ...
</button>
`;

exports[`Play/Pause Button Component Presenter Displays a Pause Button When Playing 1`] = `
<button
  className="AudioPlayer__playPauseBtn___1BAhn"
  id="play-button"
  onClick={undefined}
>
  <span
    className="invisible"
  >
    Play
  </span>
  <svg
    height="48"
    viewBox="0 0 40 48"
    width="40"
    xmlns="http://www.w3.org/2000/svg"
    xmlnsXlink="http://www.w3.org/1999/xlink"
  >
    <g
      fillRule="evenodd"
    >
      <path
        d="M3.03 1.83L36.86 22.29C37.81 22.86 38.11 24.09 37.54 25.03 37.37 25.31 37.14 25.54 36.86 25.71L3.03 46.17C2.09 46.74 0.86 46.43 0.29 45.49 0.1 45.18 0 44.82 0 44.45L0 3.55C0 2.44 0.9 1.55 2 1.55 2.36 1.55 2.72 1.65 3.03 1.83Z"
      />
    </g>
  </svg>
</button>
`;

exports[`Play/Pause Button Component Presenter Displays a Play Button When Paused 1`] = `
<button
  className="AudioPlayer__playPauseBtn___1BAhn"
  id="play-button"
  onClick={undefined}
>
  <span
    className="invisible"
  >
    Play
  </span>
  <svg
    height="48"
    viewBox="0 0 40 48"
    width="40"
    xmlns="http://www.w3.org/2000/svg"
    xmlnsXlink="http://www.w3.org/1999/xlink"
  >
    <g
      fillRule="evenodd"
    >
      <path
        d="M3.03 1.83L36.86 22.29C37.81 22.86 38.11 24.09 37.54 25.03 37.37 25.31 37.14 25.54 36.86 25.71L3.03 46.17C2.09 46.74 0.86 46.43 0.29 45.49 0.1 45.18 0 44.82 0 44.45L0 3.55C0 2.44 0.9 1.55 2 1.55 2.36 1.55 2.72 1.65 3.03 1.83Z"
      />
    </g>
  </svg>
</button>
`;
